// Jest Snapshot v1, https://goo.gl/fbAQLP

exports[`IntroView should render 1`] = `
<div>
  <div
    class="content"
  >
    <div
      class="dialog"
    >
      <h1>
        Let's play Bingo!
      </h1>
      <form
        class="form"
      >
        <div
          class="formControl"
        >
          <label
            class="label"
            for="username"
          >
            Player name
          </label>
          <input
            class="textInput isEditing"
            id="username"
            name="username"
            type="text"
            value="Stranger"
          />
        </div>
        <div
          class="formFunctions"
        >
          <button
            class="button"
            data-testid="login-submit"
            type="submit"
          >
            Enter
          </button>
        </div>
      </form>
    </div>
  </div>
</div>
`;
